[debug] [2026-09-26T10:52:42.623Z] ----------------------------------------------------------------------
[debug] [2026-09-26T10:52:42.626Z] Command:       /home/lbsmith/bin/firebase-tools-linux /home/lbsmith/.cache/firebase/tools/lib/node_modules/firebase-tools/lib/bin/firebase emulators:start
[debug] [2026-09-26T10:52:42.626Z] CLI Version:   13.0.3
[debug] [2026-09-26T10:52:42.627Z] Platform:      linux
[debug] [2026-09-26T10:52:42.627Z] Node Version:  v18.5.0
[debug] [2026-09-26T10:52:42.635Z] Time:          Sat Sep 26 2026 06:52:42 GMT-0400 (Eastern Daylight Time)
[debug] [2026-09-26T10:52:42.636Z] ----------------------------------------------------------------------
[debug] 
[debug] [2026-09-26T10:52:42.639Z] >>> [apiv2][query] GET https://firebase-public.firebaseio.com/cli.json [none]
[debug] [2026-09-26T10:52:42.783Z] > command requires scopes: ["email","openid","https://www.googleapis.com/auth/cloudplatformprojects.readonly","https://www.googleapis.com/auth/firebase","https://www.googleapis.com/auth/cloud-platform"]
[debug] [2026-09-26T10:52:42.783Z] > authorizing via signed-in user (leebsmith@gmail.com)
[debug] [2026-09-26T10:52:42.970Z] openjdk version "25.0.4.1" 2026-08-18 LTS

[debug] [2026-09-26T10:52:42.971Z] OpenJDK Runtime Environment Temurin-25.0.4.1+1 (build 25.0.4.1+1-LTS)
OpenJDK 64-Bit Server VM Temurin-25.0.4.1+1 (build 25.0.4.1+1-LTS, mixed mode, sharing)

[debug] [2026-09-26T10:52:42.985Z] Parsed Java major version: 25
[info] i  emulators: Starting emulators: firestore, hosting {"metadata":{"emulator":{"name":"hub"},"message":"Starting emulators: firestore, hosting"}}
[info] i  emulators: Detected demo project ID "demo-monorepo", emulated services will use a demo configuration and attempts to access non-emulated services for this project will fail. {"metadata":{"emulator":{"name":"hub"},"message":"Detected demo project ID \"demo-monorepo\", emulated services will use a demo configuration and attempts to access non-emulated services for this project will fail."}}
[debug] [2026-09-26T10:52:42.995Z] [logging] Logging Emulator only supports listening on one address (127.0.0.1). Not listening on ::1
[debug] [2026-09-26T10:52:42.995Z] [firestore] Firestore Emulator only supports listening on one address (127.0.0.1). Not listening on ::1
[debug] [2026-09-26T10:52:42.995Z] [firestore.websocket] websocket server for firestore only supports listening on one address (127.0.0.1). Not listening on ::1
[debug] [2026-09-26T10:52:42.996Z] [hosting] Hosting Emulator only supports listening on one address (127.0.0.1). Not listening on ::1
[debug] [2026-09-26T10:52:42.996Z] assigned listening specs for emulators {"user":{"hub":[{"address":"127.0.0.1","family":"IPv4","port":4400},{"address":"::1","family":"IPv6","port":4400}],"ui":[{"address":"127.0.0.1","family":"IPv4","port":4000},{"address":"::1","family":"IPv6","port":4000}],"logging":[{"address":"127.0.0.1","family":"IPv4","port":4500}],"firestore":[{"address":"127.0.0.1","family":"IPv4","port":8080}],"firestore.websocket":[{"address":"127.0.0.1","family":"IPv4","port":9150}],"hosting":[{"address":"127.0.0.1","family":"IPv4","port":5000}]},"metadata":{"message":"assigned listening specs for emulators"}}
[debug] [2026-09-26T10:52:43.009Z] [hub] writing locator at /tmp/hub-demo-monorepo.json
[warn] ⚠  firestore: Cloud Firestore Emulator does not support multiple databases yet. {"metadata":{"emulator":{"name":"firestore"},"message":"Cloud Firestore Emulator does not support multiple databases yet."}}
[warn] ⚠  firestore: Did not find a Cloud Firestore rules file specified in a firebase.json config file. {"metadata":{"emulator":{"name":"firestore"},"message":"Did not find a Cloud Firestore rules file specified in a firebase.json config file."}}
[warn] ⚠  firestore: The emulator will default to allowing all reads and writes. Learn more about this option: https://firebase.google.com/docs/emulator-suite/install_and_configure#security_rules_configuration. {"metadata":{"emulator":{"name":"firestore"},"message":"The emulator will default to allowing all reads and writes. Learn more about this option: https://firebase.google.com/docs/emulator-suite/install_and_configure#security_rules_configuration."}}
[info] i  firestore: downloading cloud-firestore-emulator-v1.18.2.jar... {"metadata":{"emulator":{"name":"firestore"},"message":"downloading cloud-firestore-emulator-v1.18.2.jar..."}}
[debug] [2026-09-26T10:52:43.022Z] >>> [apiv2][query] GET https://storage.googleapis.com/firebase-preview-drop/emulator/cloud-firestore-emulator-v1.18.2.jar 
[debug] [2026-09-26T10:52:47.827Z] <<< [apiv2][status] GET https://firebase-public.firebaseio.com/cli.json 200
[debug] [2026-09-26T10:52:47.827Z] <<< [apiv2][body] GET https://firebase-public.firebaseio.com/cli.json {"cloudBuildErrorAfter":1594252800000,"cloudBuildWarnAfter":1590019200000,"defaultNode10After":1594252800000,"minVersion":"3.0.5","node8DeploysDisabledAfter":1613390400000,"node8RuntimeDisabledAfter":1615809600000,"node8WarnAfter":1600128000000}
[debug] [2026-09-26T10:52:47.903Z] <<< [apiv2][status] GET https://storage.googleapis.com/firebase-preview-drop/emulator/cloud-firestore-emulator-v1.18.2.jar 200
[debug] [2026-09-26T10:52:47.904Z] <<< [apiv2][body] GET https://storage.googleapis.com/firebase-preview-drop/emulator/cloud-firestore-emulator-v1.18.2.jar [stream]
[debug] [2026-09-26T10:52:49.967Z] Ignoring unsupported arg: auto_download {"metadata":{"emulator":{"name":"firestore"},"message":"Ignoring unsupported arg: auto_download"}}
[debug] [2026-09-26T10:52:49.968Z] Ignoring unsupported arg: single_project_mode_error {"metadata":{"emulator":{"name":"firestore"},"message":"Ignoring unsupported arg: single_project_mode_error"}}
[debug] [2026-09-26T10:52:49.968Z] Starting Firestore Emulator with command {"binary":"java","args":["-Dgoogle.cloud_firestore.debug_log_level=FINE","-Duser.language=en","-jar","/home/lbsmith/.cache/firebase/emulators/cloud-firestore-emulator-v1.18.2.jar","--host","127.0.0.1","--port",8080,"--websocket_port",9150,"--project_id","demo-monorepo","--single_project_mode",true],"optionalArgs":["port","webchannel_port","host","rules","websocket_port","functions_emulator","seed_from_export","project_id","single_project_mode"],"joinArgs":false} {"metadata":{"emulator":{"name":"firestore"},"message":"Starting Firestore Emulator with command {\"binary\":\"java\",\"args\":[\"-Dgoogle.cloud_firestore.debug_log_level=FINE\",\"-Duser.language=en\",\"-jar\",\"/home/lbsmith/.cache/firebase/emulators/cloud-firestore-emulator-v1.18.2.jar\",\"--host\",\"127.0.0.1\",\"--port\",8080,\"--websocket_port\",9150,\"--project_id\",\"demo-monorepo\",\"--single_project_mode\",true],\"optionalArgs\":[\"port\",\"webchannel_port\",\"host\",\"rules\",\"websocket_port\",\"functions_emulator\",\"seed_from_export\",\"project_id\",\"single_project_mode\"],\"joinArgs\":false}"}}
[info] i  firestore: Firestore Emulator logging to firestore-debug.log {"metadata":{"emulator":{"name":"firestore"},"message":"Firestore Emulator logging to \u001b[1mfirestore-debug.log\u001b[22m"}}
[debug] [2026-09-26T10:52:50.421Z] WARNING: A terminally deprecated method in sun.misc.Unsafe has been called
WARNING: sun.misc.Unsafe::objectFieldOffset has been called by io.netty.util.internal.PlatformDependent0$4 (file:/home/lbsmith/.cache/firebase/emulators/cloud-firestore-emulator-v1.18.2.jar)
WARNING: Please consider reporting this to the maintainers of class io.netty.util.internal.PlatformDependent0$4
WARNING: sun.misc.Unsafe::objectFieldOffset will be removed in a future release
 {"metadata":{"emulator":{"name":"firestore"},"message":"WARNING: A terminally deprecated method in sun.misc.Unsafe has been called\nWARNING: sun.misc.Unsafe::objectFieldOffset has been called by io.netty.util.internal.PlatformDependent0$4 (file:/home/lbsmith/.cache/firebase/emulators/cloud-firestore-emulator-v1.18.2.jar)\nWARNING: Please consider reporting this to the maintainers of class io.netty.util.internal.PlatformDependent0$4\nWARNING: sun.misc.Unsafe::objectFieldOffset will be removed in a future release\n"}}
[debug] [2026-09-26T10:52:50.798Z] WARNING: A restricted method in  {"metadata":{"emulator":{"name":"firestore"},"message":"WARNING: A restricted method in "}}
[debug] [2026-09-26T10:52:50.799Z] java.lang.System has been called
WARNING: java.lang.System::loadLibrary has been called by io.netty.util.internal.NativeLibraryUtil in an unnamed module (file:/home/lbsmith/.cache/firebase/emulators/cloud-firestore-emulator-v1.18.2.jar)
WARNING: Use --enable-native-access=ALL-UNNAMED to avoid a warning for callers in this module
WARNING: Restricted methods will be blocked in a future release unless native access is enabled

 {"metadata":{"emulator":{"name":"firestore"},"message":"java.lang.System has been called\nWARNING: java.lang.System::loadLibrary has been called by io.netty.util.internal.NativeLibraryUtil in an unnamed module (file:/home/lbsmith/.cache/firebase/emulators/cloud-firestore-emulator-v1.18.2.jar)\nWARNING: Use --enable-native-access=ALL-UNNAMED to avoid a warning for callers in this module\nWARNING: Restricted methods will be blocked in a future release unless native access is enabled\n\n"}}
[debug] [2026-09-26T10:52:51.498Z] Sep 26, 2026 6:52:51 AM com.google.cloud.datastore.emulator.firestore.websocket.WebSocketServer start
INFO: Started WebSocket server on ws://127.0.0.1:9150
 {"metadata":{"emulator":{"name":"firestore"},"message":"Sep 26, 2026 6:52:51 AM com.google.cloud.datastore.emulator.firestore.websocket.WebSocketServer start\nINFO: Started WebSocket server on ws://127.0.0.1:9150\n"}}
[debug] [2026-09-26T10:52:51.539Z] API endpoint: http:// {"metadata":{"emulator":{"name":"firestore"},"message":"API endpoint: http://"}}
[debug] [2026-09-26T10:52:51.539Z] 127.0.0.1:8080
If you are using a library that supports the FIRESTORE_EMULATOR_HOST environment variable, run:

   export FIRESTORE_EMULATOR_HOST=127.0.0.1:8080

Dev App Server is now running.

 {"metadata":{"emulator":{"name":"firestore"},"message":"127.0.0.1:8080\nIf you are using a library that supports the FIRESTORE_EMULATOR_HOST environment variable, run:\n\n   export FIRESTORE_EMULATOR_HOST=127.0.0.1:8080\n\nDev App Server is now running.\n\n"}}
[info] ✔  firestore: Firestore Emulator UI websocket is running on 9150. {"metadata":{"emulator":{"name":"firestore"},"message":"Firestore Emulator UI websocket is running on 9150."}}
[debug] [2026-09-26T10:52:51.758Z] > refreshing access token with scopes: []
[debug] [2026-09-26T10:52:51.760Z] >>> [apiv2][query] POST https://www.googleapis.com/oauth2/v3/token [none]
[debug] [2026-09-26T10:52:51.760Z] >>> [apiv2][body] POST https://www.googleapis.com/oauth2/v3/token [omitted]
[debug] [2026-09-26T10:52:51.879Z] <<< [apiv2][status] POST https://www.googleapis.com/oauth2/v3/token 200
[debug] [2026-09-26T10:52:51.879Z] <<< [apiv2][body] POST https://www.googleapis.com/oauth2/v3/token [omitted]
[debug] [2026-09-26T10:52:51.963Z] >>> [apiv2][query] GET https://firebase.googleapis.com/v1beta1/projects/demo-monorepo [none]
[debug] [2026-09-26T10:52:52.300Z] <<< [apiv2][status] GET https://firebase.googleapis.com/v1beta1/projects/demo-monorepo 403
[debug] [2026-09-26T10:52:52.300Z] <<< [apiv2][body] GET https://firebase.googleapis.com/v1beta1/projects/demo-monorepo {"error":{"code":403,"message":"The caller does not have permission","status":"PERMISSION_DENIED"}}
[debug] [2026-09-26T10:52:52.302Z] HTTP Error: 403, The caller does not have permission
[info] i  hosting[demo-monorepo]: Serving hosting files from: frontend {"metadata":{"emulator":{"name":"hosting"},"message":"Serving hosting files from: \u001b[1mfrontend\u001b[22m"}}
[info] ✔  hosting[demo-monorepo]: Local server: http://127.0.0.1:5000 {"metadata":{"emulator":{"name":"hosting"},"message":"Local server: \u001b[4m\u001b[1mhttp://127.0.0.1:5000\u001b[22m\u001b[24m"}}
[info] i  ui: downloading ui-v1.11.7.zip... {"metadata":{"emulator":{"name":"ui"},"message":"downloading ui-v1.11.7.zip..."}}
[debug] [2026-09-26T10:52:52.342Z] >>> [apiv2][query] GET https://storage.googleapis.com/firebase-preview-drop/emulator/ui-v1.11.7.zip 
[debug] [2026-09-26T10:52:52.604Z] <<< [apiv2][status] GET https://storage.googleapis.com/firebase-preview-drop/emulator/ui-v1.11.7.zip 200
[debug] [2026-09-26T10:52:52.604Z] <<< [apiv2][body] GET https://storage.googleapis.com/firebase-preview-drop/emulator/ui-v1.11.7.zip [stream]
[debug] [2026-09-26T10:52:52.778Z] Data is 3064105
[debug] [2026-09-26T10:52:52.778Z] [unzip] Entry: client/ (compressed_size=0 bytes, uncompressed_size=0 bytes)
[debug] [2026-09-26T10:52:52.778Z] [unzip] Processing entry: client/
[debug] [2026-09-26T10:52:52.778Z] [unzip] mkdir: /home/lbsmith/.cache/firebase/emulators/ui-v1.11.7/client/
[debug] [2026-09-26T10:52:52.779Z] [unzip] Entry: client/favicon.ico (compressed_size=2497 bytes, uncompressed_size=7406 bytes)
[debug] [2026-09-26T10:52:52.779Z] [unzip] Processing entry: client/favicon.ico
[debug] [2026-09-26T10:52:52.779Z] [unzip] else mkdir: /home/lbsmith/.cache/firebase/emulators/ui-v1.11.7/client
[debug] [2026-09-26T10:52:52.779Z] [unzip] deflating: /home/lbsmith/.cache/firebase/emulators/ui-v1.11.7/client/favicon.ico
[debug] [2026-09-26T10:52:52.785Z] [unzip] Entry: client/apple-touch-icon.png (compressed_size=7231 bytes, uncompressed_size=7367 bytes)
[debug] [2026-09-26T10:52:52.785Z] [unzip] Processing entry: client/apple-touch-icon.png
[debug] [2026-09-26T10:52:52.785Z] [unzip] else mkdir: /home/lbsmith/.cache/firebase/emulators/ui-v1.11.7/client
[debug] [2026-09-26T10:52:52.785Z] [unzip] deflating: /home/lbsmith/.cache/firebase/emulators/ui-v1.11.7/client/apple-touch-icon.png
[debug] [2026-09-26T10:52:52.787Z] [unzip] Entry: client/android-chrome-512x512.png (compressed_size=16987 bytes, uncompressed_size=18186 bytes)
[debug] [2026-09-26T10:52:52.787Z] [unzip] Processing entry: client/android-chrome-512x512.png
[debug] [2026-09-26T10:52:52.787Z] [unzip] else mkdir: /home/lbsmith/.cache/firebase/emulators/ui-v1.11.7/client
[debug] [2026-09-26T10:52:52.787Z] [unzip] deflating: /home/lbsmith/.cache/firebase/emulators/ui-v1.11.7/client/android-chrome-512x512.png
[debug] [2026-09-26T10:52:52.788Z] [unzip] Entry: client/assets/ (compressed_size=0 bytes, uncompressed_size=0 bytes)
[debug] [2026-09-26T10:52:52.789Z] [unzip] Processing entry: client/assets/
[debug] [2026-09-26T10:52:52.789Z] [unzip] mkdir: /home/lbsmith/.cache/firebase/emulators/ui-v1.11.7/client/assets/
[debug] [2026-09-26T10:52:52.789Z] [unzip] Entry: client/assets/extensions/ (compressed_size=0 bytes, uncompressed_size=0 bytes)
[debug] [2026-09-26T10:52:52.789Z] [unzip] Processing entry: client/assets/extensions/
[debug] [2026-09-26T10:52:52.789Z] [unzip] mkdir: /home/lbsmith/.cache/firebase/emulators/ui-v1.11.7/client/assets/extensions/
[debug] [2026-09-26T10:52:52.789Z] [unzip] Entry: client/assets/extensions/default-extension.png (compressed_size=1646 bytes, uncompressed_size=1657 bytes)
[debug] [2026-09-26T10:52:52.789Z] [unzip] Processing entry: client/assets/extensions/default-extension.png
[debug] [2026-09-26T10:52:52.789Z] [unzip] else mkdir: /home/lbsmith/.cache/firebase/emulators/ui-v1.11.7/client/assets/extensions
[debug] [2026-09-26T10:52:52.790Z] [unzip] deflating: /home/lbsmith/.cache/firebase/emulators/ui-v1.11.7/client/assets/extensions/default-extension.png
[debug] [2026-09-26T10:52:52.791Z] [unzip] Entry: client/assets/index.58ca09f7.css (compressed_size=37601 bytes, uncompressed_size=321252 bytes)
[debug] [2026-09-26T10:52:52.791Z] [unzip] Processing entry: client/assets/index.58ca09f7.css
[debug] [2026-09-26T10:52:52.791Z] [unzip] else mkdir: /home/lbsmith/.cache/firebase/emulators/ui-v1.11.7/client/assets
[debug] [2026-09-26T10:52:52.791Z] [unzip] deflating: /home/lbsmith/.cache/firebase/emulators/ui-v1.11.7/client/assets/index.58ca09f7.css
[debug] [2026-09-26T10:52:52.794Z] [unzip] Entry: client/assets/index.c2583d42.js (compressed_size=526232 bytes, uncompressed_size=1860152 bytes)
[debug] [2026-09-26T10:52:52.794Z] [unzip] Processing entry: client/assets/index.c2583d42.js
[debug] [2026-09-26T10:52:52.794Z] [unzip] else mkdir: /home/lbsmith/.cache/firebase/emulators/ui-v1.11.7/client/assets
[debug] [2026-09-26T10:52:52.794Z] [unzip] deflating: /home/lbsmith/.cache/firebase/emulators/ui-v1.11.7/client/assets/index.c2583d42.js
[debug] [2026-09-26T10:52:52.810Z] [unzip] Entry: client/assets/provider-icons/ (compressed_size=0 bytes, uncompressed_size=0 bytes)
[debug] [2026-09-26T10:52:52.810Z] [unzip] Processing entry: client/assets/provider-icons/
[debug] [2026-09-26T10:52:52.811Z] [unzip] mkdir: /home/lbsmith/.cache/firebase/emulators/ui-v1.11.7/client/assets/provider-icons/
[debug] [2026-09-26T10:52:52.811Z] [unzip] Entry: client/assets/provider-icons/auth_service_oidc.svg (compressed_size=414 bytes, uncompressed_size=858 bytes)
[debug] [2026-09-26T10:52:52.811Z] [unzip] Processing entry: client/assets/provider-icons/auth_service_oidc.svg
[debug] [2026-09-26T10:52:52.811Z] [unzip] else mkdir: /home/lbsmith/.cache/firebase/emulators/ui-v1.11.7/client/assets/provider-icons
[debug] [2026-09-26T10:52:52.811Z] [unzip] deflating: /home/lbsmith/.cache/firebase/emulators/ui-v1.11.7/client/assets/provider-icons/auth_service_oidc.svg
[debug] [2026-09-26T10:52:52.812Z] [unzip] Entry: client/assets/provider-icons/auth_service_yahoo.svg (compressed_size=577 bytes, uncompressed_size=1182 bytes)
[debug] [2026-09-26T10:52:52.812Z] [unzip] Processing entry: client/assets/provider-icons/auth_service_yahoo.svg
[debug] [2026-09-26T10:52:52.812Z] [unzip] else mkdir: /home/lbsmith/.cache/firebase/emulators/ui-v1.11.7/client/assets/provider-icons
[debug] [2026-09-26T10:52:52.813Z] [unzip] deflating: /home/lbsmith/.cache/firebase/emulators/ui-v1.11.7/client/assets/provider-icons/auth_service_yahoo.svg
[debug] [2026-09-26T10:52:52.814Z] [unzip] Entry: client/assets/provider-icons/auth_service_phone.svg (compressed_size=261 bytes, uncompressed_size=414 bytes)
[debug] [2026-09-26T10:52:52.814Z] [unzip] Processing entry: client/assets/provider-icons/auth_service_phone.svg
[debug] [2026-09-26T10:52:52.814Z] [unzip] else mkdir: /home/lbsmith/.cache/firebase/emulators/ui-v1.11.7/client/assets/provider-icons
[debug] [2026-09-26T10:52:52.814Z] [unzip] deflating: /home/lbsmith/.cache/firebase/emulators/ui-v1.11.7/client/assets/provider-icons/auth_service_phone.svg
[debug] [2026-09-26T10:52:52.815Z] [unzip] Entry: client/assets/provider-icons/auth_service_saml.svg (compressed_size=575 bytes, uncompressed_size=1226 bytes)
[debug] [2026-09-26T10:52:52.816Z] [unzip] Processing entry: client/assets/provider-icons/auth_service_saml.svg
[debug] [2026-09-26T10:52:52.816Z] [unzip] else mkdir: /home/lbsmith/.cache/firebase/emulators/ui-v1.11.7/client/assets/provider-icons
[debug] [2026-09-26T10:52:52.816Z] [unzip] deflating: /home/lbsmith/.cache/firebase/emulators/ui-v1.11.7/client/assets/provider-icons/auth_service_saml.svg
[debug] [2026-09-26T10:52:52.817Z] [unzip] Entry: client/assets/provider-icons/auth_service_mslive.svg (compressed_size=203 bytes, uncompressed_size=378 bytes)
[debug] [2026-09-26T10:52:52.817Z] [unzip] Processing entry: client/assets/provider-icons/auth_service_mslive.svg
[debug] [2026-09-26T10:52:52.817Z] [unzip] else mkdir: /home/lbsmith/.cache/firebase/emulators/ui-v1.11.7/client/assets/provider-icons
[debug] [2026-09-26T10:52:52.817Z] [unzip] deflating: /home/lbsmith/.cache/firebase/emulators/ui-v1.11.7/client/assets/provider-icons/auth_service_mslive.svg
[debug] [2026-09-26T10:52:52.819Z] [unzip] Entry: client/assets/provider-icons/auth_service_facebook.svg (compressed_size=289 bytes, uncompressed_size=457 bytes)
[debug] [2026-09-26T10:52:52.819Z] [unzip] Processing entry: client/assets/provider-icons/auth_service_facebook.svg
[debug] [2026-09-26T10:52:52.819Z] [unzip] else mkdir: /home/lbsmith/.cache/firebase/emulators/ui-v1.11.7/client/assets/provider-icons
[debug] [2026-09-26T10:52:52.819Z] [unzip] deflating: /home/lbsmith/.cache/firebase/emulators/ui-v1.11.7/client/assets/provider-icons/auth_service_facebook.svg
[debug] [2026-09-26T10:52:52.820Z] [unzip] Entry: client/assets/provider-icons/auth_service_play_games.svg (compressed_size=565 bytes, uncompressed_size=1173 bytes)
[debug] [2026-09-26T10:52:52.820Z] [unzip] Processing entry: client/assets/provider-icons/auth_service_play_games.svg
[debug] [2026-09-26T10:52:52.820Z] [unzip] else mkdir: /home/lbsmith/.cache/firebase/emulators/ui-v1.11.7/client/assets/provider-icons
[debug] [2026-09-26T10:52:52.820Z] [unzip] deflating: /home/lbsmith/.cache/firebase/emulators/ui-v1.11.7/client/assets/provider-icons/auth_service_play_games.svg
[debug] [2026-09-26T10:52:52.821Z] [unzip] Entry: client/assets/provider-icons/auth_service_github.svg (compressed_size=466 bytes, uncompressed_size=838 bytes)
[debug] [2026-09-26T10:52:52.821Z] [unzip] Processing entry: client/assets/provider-icons/auth_service_github.svg
[debug] [2026-09-26T10:52:52.822Z] [unzip] else mkdir: /home/lbsmith/.cache/firebase/emulators/ui-v1.11.7/client/assets/provider-icons
[debug] [2026-09-26T10:52:52.822Z] [unzip] deflating: /home/lbsmith/.cache/firebase/emulators/ui-v1.11.7/client/assets/provider-icons/auth_service_github.svg
[debug] [2026-09-26T10:52:52.823Z] [unzip] Entry: client/assets/provider-icons/auth_service_apple.svg (compressed_size=230 bytes, uncompressed_size=334 bytes)
[debug] [2026-09-26T10:52:52.823Z] [unzip] Processing entry: client/assets/provider-icons/auth_service_apple.svg
[debug] [2026-09-26T10:52:52.823Z] [unzip] else mkdir: /home/lbsmith/.cache/firebase/emulators/ui-v1.11.7/client/assets/provider-icons
[debug] [2026-09-26T10:52:52.823Z] [unzip] deflating: /home/lbsmith/.cache/firebase/emulators/ui-v1.11.7/client/assets/provider-icons/auth_service_apple.svg
[debug] [2026-09-26T10:52:52.824Z] [unzip] Entry: client/assets/provider-icons/auth_service_google.svg (compressed_size=409 bytes, uncompressed_size=720 bytes)
[debug] [2026-09-26T10:52:52.824Z] [unzip] Processing entry: client/assets/provider-icons/auth_service_google.svg
[debug] [2026-09-26T10:52:52.824Z] [unzip] else mkdir: /home/lbsmith/.cache/firebase/emulators/ui-v1.11.7/client/assets/provider-icons
[debug] [2026-09-26T10:52:52.824Z] [unzip] deflating: /home/lbsmith/.cache/firebase/emulators/ui-v1.11.7/client/assets/provider-icons/auth_service_google.svg
[debug] [2026-09-26T10:52:52.825Z] [unzip] Entry: client/assets/provider-icons/auth_service_email.svg (compressed_size=228 bytes, uncompressed_size=326 bytes)
[debug] [2026-09-26T10:52:52.825Z] [unzip] Processing entry: client/assets/provider-icons/auth_service_email.svg
[debug] [2026-09-26T10:52:52.825Z] [unzip] else mkdir: /home/lbsmith/.cache/firebase/emulators/ui-v1.11.7/client/assets/provider-icons
[debug] [2026-09-26T10:52:52.825Z] [unzip] deflating: /home/lbsmith/.cache/firebase/emulators/ui-v1.11.7/client/assets/provider-icons/auth_service_email.svg
[debug] [2026-09-26T10:52:52.826Z] [unzip] Entry: client/assets/provider-icons/auth_service_twitter.svg (compressed_size=444 bytes, uncompressed_size=751 bytes)
[debug] [2026-09-26T10:52:52.826Z] [unzip] Processing entry: client/assets/provider-icons/auth_service_twitter.svg
[debug] [2026-09-26T10:52:52.826Z] [unzip] else mkdir: /home/lbsmith/.cache/firebase/emulators/ui-v1.11.7/client/assets/provider-icons
[debug] [2026-09-26T10:52:52.826Z] [unzip] deflating: /home/lbsmith/.cache/firebase/emulators/ui-v1.11.7/client/assets/provider-icons/auth_service_twitter.svg
[debug] [2026-09-26T10:52:52.827Z] [unzip] Entry: client/assets/provider-icons/auth_service_game_center.svg (compressed_size=991 bytes, uncompressed_size=3921 bytes)
[debug] [2026-09-26T10:52:52.827Z] [unzip] Processing entry: client/assets/provider-icons/auth_service_game_center.svg
[debug] [2026-09-26T10:52:52.827Z] [unzip] else mkdir: /home/lbsmith/.cache/firebase/emulators/ui-v1.11.7/client/assets/provider-icons
[debug] [2026-09-26T10:52:52.827Z] [unzip] deflating: /home/lbsmith/.cache/firebase/emulators/ui-v1.11.7/client/assets/provider-icons/auth_service_game_center.svg
[debug] [2026-09-26T10:52:52.828Z] [unzip] Entry: client/assets/index.c2583d42.js.map (compressed_size=1778557 bytes, uncompressed_size=7961927 bytes)
[debug] [2026-09-26T10:52:52.828Z] [unzip] Processing entry: client/assets/index.c2583d42.js.map
[debug] [2026-09-26T10:52:52.828Z] [unzip] else mkdir: /home/lbsmith/.cache/firebase/emulators/ui-v1.11.7/client/assets
[debug] [2026-09-26T10:52:52.829Z] [unzip] deflating: /home/lbsmith/.cache/firebase/emulators/ui-v1.11.7/client/assets/index.c2583d42.js.map
[debug] [2026-09-26T10:52:52.882Z] [unzip] Entry: client/assets/img/ (compressed_size=0 bytes, uncompressed_size=0 bytes)
[debug] [2026-09-26T10:52:52.882Z] [unzip] Processing entry: client/assets/img/
[debug] [2026-09-26T10:52:52.882Z] [unzip] mkdir: /home/lbsmith/.cache/firebase/emulators/ui-v1.11.7/client/assets/img/
[debug] [2026-09-26T10:52:52.883Z] [unzip] Entry: client/assets/img/database.png (compressed_size=29449 bytes, uncompressed_size=29988 bytes)
[debug] [2026-09-26T10:52:52.883Z] [unzip] Processing entry: client/assets/img/database.png
[debug] [2026-09-26T10:52:52.883Z] [unzip] else mkdir: /home/lbsmith/.cache/firebase/emulators/ui-v1.11.7/client/assets/img
[debug] [2026-09-26T10:52:52.883Z] [unzip] deflating: /home/lbsmith/.cache/firebase/emulators/ui-v1.11.7/client/assets/img/database.png
[debug] [2026-09-26T10:52:52.884Z] [unzip] Entry: client/safari-pinned-tab.svg (compressed_size=838 bytes, uncompressed_size=1504 bytes)
[debug] [2026-09-26T10:52:52.884Z] [unzip] Processing entry: client/safari-pinned-tab.svg
[debug] [2026-09-26T10:52:52.884Z] [unzip] else mkdir: /home/lbsmith/.cache/firebase/emulators/ui-v1.11.7/client
[debug] [2026-09-26T10:52:52.884Z] [unzip] deflating: /home/lbsmith/.cache/firebase/emulators/ui-v1.11.7/client/safari-pinned-tab.svg
[debug] [2026-09-26T10:52:52.885Z] [unzip] Entry: client/mstile-150x150.png (compressed_size=5406 bytes, uncompressed_size=5723 bytes)
[debug] [2026-09-26T10:52:52.886Z] [unzip] Processing entry: client/mstile-150x150.png
[debug] [2026-09-26T10:52:52.886Z] [unzip] else mkdir: /home/lbsmith/.cache/firebase/emulators/ui-v1.11.7/client
[debug] [2026-09-26T10:52:52.886Z] [unzip] deflating: /home/lbsmith/.cache/firebase/emulators/ui-v1.11.7/client/mstile-150x150.png
[debug] [2026-09-26T10:52:52.887Z] [unzip] Entry: client/browserconfig.xml (compressed_size=491 bytes, uncompressed_size=822 bytes)
[debug] [2026-09-26T10:52:52.887Z] [unzip] Processing entry: client/browserconfig.xml
[debug] [2026-09-26T10:52:52.887Z] [unzip] else mkdir: /home/lbsmith/.cache/firebase/emulators/ui-v1.11.7/client
[debug] [2026-09-26T10:52:52.887Z] [unzip] deflating: /home/lbsmith/.cache/firebase/emulators/ui-v1.11.7/client/browserconfig.xml
[debug] [2026-09-26T10:52:52.888Z] [unzip] Entry: client/robots.txt (compressed_size=26 bytes, uncompressed_size=26 bytes)
[debug] [2026-09-26T10:52:52.888Z] [unzip] Processing entry: client/robots.txt
[debug] [2026-09-26T10:52:52.888Z] [unzip] else mkdir: /home/lbsmith/.cache/firebase/emulators/ui-v1.11.7/client
[debug] [2026-09-26T10:52:52.888Z] [unzip] Writing file: /home/lbsmith/.cache/firebase/emulators/ui-v1.11.7/client/robots.txt
[debug] [2026-09-26T10:52:52.889Z] [unzip] Entry: client/index.html (compressed_size=1363 bytes, uncompressed_size=3064 bytes)
[debug] [2026-09-26T10:52:52.889Z] [unzip] Processing entry: client/index.html
[debug] [2026-09-26T10:52:52.889Z] [unzip] else mkdir: /home/lbsmith/.cache/firebase/emulators/ui-v1.11.7/client
[debug] [2026-09-26T10:52:52.889Z] [unzip] deflating: /home/lbsmith/.cache/firebase/emulators/ui-v1.11.7/client/index.html
[debug] [2026-09-26T10:52:52.890Z] [unzip] Entry: client/favicon-16x16.png (compressed_size=757 bytes, uncompressed_size=777 bytes)
[debug] [2026-09-26T10:52:52.890Z] [unzip] Processing entry: client/favicon-16x16.png
[debug] [2026-09-26T10:52:52.890Z] [unzip] else mkdir: /home/lbsmith/.cache/firebase/emulators/ui-v1.11.7/client
[debug] [2026-09-26T10:52:52.891Z] [unzip] deflating: /home/lbsmith/.cache/firebase/emulators/ui-v1.11.7/client/favicon-16x16.png
[debug] [2026-09-26T10:52:52.891Z] [unzip] Entry: client/manifest.json (compressed_size=246 bytes, uncompressed_size=551 bytes)
[debug] [2026-09-26T10:52:52.891Z] [unzip] Processing entry: client/manifest.json
[debug] [2026-09-26T10:52:52.891Z] [unzip] else mkdir: /home/lbsmith/.cache/firebase/emulators/ui-v1.11.7/client
[debug] [2026-09-26T10:52:52.892Z] [unzip] deflating: /home/lbsmith/.cache/firebase/emulators/ui-v1.11.7/client/manifest.json
[debug] [2026-09-26T10:52:52.892Z] [unzip] Entry: client/favicon-32x32.png (compressed_size=1175 bytes, uncompressed_size=1175 bytes)
[debug] [2026-09-26T10:52:52.892Z] [unzip] Processing entry: client/favicon-32x32.png
[debug] [2026-09-26T10:52:52.892Z] [unzip] else mkdir: /home/lbsmith/.cache/firebase/emulators/ui-v1.11.7/client
[debug] [2026-09-26T10:52:52.893Z] [unzip] Writing file: /home/lbsmith/.cache/firebase/emulators/ui-v1.11.7/client/favicon-32x32.png
[debug] [2026-09-26T10:52:52.893Z] [unzip] Entry: client/android-chrome-192x192.png (compressed_size=7602 bytes, uncompressed_size=7834 bytes)
[debug] [2026-09-26T10:52:52.893Z] [unzip] Processing entry: client/android-chrome-192x192.png
[debug] [2026-09-26T10:52:52.893Z] [unzip] else mkdir: /home/lbsmith/.cache/firebase/emulators/ui-v1.11.7/client
[debug] [2026-09-26T10:52:52.893Z] [unzip] deflating: /home/lbsmith/.cache/firebase/emulators/ui-v1.11.7/client/android-chrome-192x192.png
[debug] [2026-09-26T10:52:52.894Z] [unzip] Entry: server/ (compressed_size=0 bytes, uncompressed_size=0 bytes)
[debug] [2026-09-26T10:52:52.894Z] [unzip] Processing entry: server/
[debug] [2026-09-26T10:52:52.894Z] [unzip] mkdir: /home/lbsmith/.cache/firebase/emulators/ui-v1.11.7/server/
[debug] [2026-09-26T10:52:52.895Z] [unzip] Entry: server/server.js (compressed_size=343746 bytes, uncompressed_size=1346374 bytes)
[debug] [2026-09-26T10:52:52.895Z] [unzip] Processing entry: server/server.js
[debug] [2026-09-26T10:52:52.895Z] [unzip] else mkdir: /home/lbsmith/.cache/firebase/emulators/ui-v1.11.7/server
[debug] [2026-09-26T10:52:52.895Z] [unzip] deflating: /home/lbsmith/.cache/firebase/emulators/ui-v1.11.7/server/server.js
[debug] [2026-09-26T10:52:52.905Z] [unzip] Entry: server/server.js.map (compressed_size=289157 bytes, uncompressed_size=1325651 bytes)
[debug] [2026-09-26T10:52:52.905Z] [unzip] Processing entry: server/server.js.map
[debug] [2026-09-26T10:52:52.905Z] [unzip] else mkdir: /home/lbsmith/.cache/firebase/emulators/ui-v1.11.7/server
[debug] [2026-09-26T10:52:52.905Z] [unzip] deflating: /home/lbsmith/.cache/firebase/emulators/ui-v1.11.7/server/server.js.map
[debug] [2026-09-26T10:52:52.915Z] Ignoring unsupported arg: auto_download {"metadata":{"emulator":{"name":"ui"},"message":"Ignoring unsupported arg: auto_download"}}
[debug] [2026-09-26T10:52:52.915Z] Ignoring unsupported arg: port {"metadata":{"emulator":{"name":"ui"},"message":"Ignoring unsupported arg: port"}}
[debug] [2026-09-26T10:52:52.915Z] Starting Emulator UI with command {"binary":"node","args":["/home/lbsmith/.cache/firebase/emulators/ui-v1.11.7/server/server.js"],"optionalArgs":[],"joinArgs":false} {"metadata":{"emulator":{"name":"ui"},"message":"Starting Emulator UI with command {\"binary\":\"node\",\"args\":[\"/home/lbsmith/.cache/firebase/emulators/ui-v1.11.7/server/server.js\"],\"optionalArgs\":[],\"joinArgs\":false}"}}
[info] i  ui: Emulator UI logging to ui-debug.log {"metadata":{"emulator":{"name":"ui"},"message":"Emulator UI logging to \u001b[1mui-debug.log\u001b[22m"}}
[debug] [2026-09-26T10:52:53.200Z] Web / API server started at 127.0.0.1:4000
 {"metadata":{"emulator":{"name":"ui"},"message":"Web / API server started at 127.0.0.1:4000\n"}}
[debug] [2026-09-26T10:52:53.200Z] Web / API server started at ::1:4000
 {"metadata":{"emulator":{"name":"ui"},"message":"Web / API server started at ::1:4000\n"}}
[info] 
┌─────────────────────────────────────────────────────────────┐
│ ✔  All emulators ready! It is now safe to connect your app. │
│ i  View Emulator UI at http://127.0.0.1:4000/               │
└─────────────────────────────────────────────────────────────┘

┌───────────┬────────────────┬─────────────────────────────────┐
│ Emulator  │ Host:Port      │ View in Emulator UI             │
├───────────┼────────────────┼─────────────────────────────────┤
│ Firestore │ 127.0.0.1:8080 │ http://127.0.0.1:4000/firestore │
├───────────┼────────────────┼─────────────────────────────────┤
│ Hosting   │ 127.0.0.1:5000 │ n/a                             │
└───────────┴────────────────┴─────────────────────────────────┘
  Emulator Hub running at 127.0.0.1:4400
  Other reserved ports: 4500, 9150

Issues? Report them at https://github.com/firebase/firebase-tools/issues and attach the *-debug.log files.
 
[debug] [2026-09-26T10:55:59.198Z] Sep 26, 2026 6:55:59 AM io.gapi.emulators.netty.HttpVersionRoutingHandler channelRead
INFO: Detected HTTP/2 connection.
 {"metadata":{"emulator":{"name":"firestore"},"message":"Sep 26, 2026 6:55:59 AM io.gapi.emulators.netty.HttpVersionRoutingHandler channelRead\nINFO: Detected HTTP/2 connection.\n"}}
[debug] [2026-09-26T10:55:59.547Z] Multiple projectIds are not recommended in single project mode. Requested project ID my-project-1490195000105, but the emulator is configured for demo-monorepo. To opt-out of single project mode add/set the '"singleProjectMode": false' property in the firebase.json emulators config.
 {"metadata":{"emulator":{"name":"firestore"},"message":"Multiple projectIds are not recommended in single project mode. Requested project ID my-project-1490195000105, but the emulator is configured for demo-monorepo. To opt-out of single project mode add/set the '\"singleProjectMode\": false' property in the firebase.json emulators config.\n"}}
